// Jest Snapshot v1, https://goo.gl/fbAQLP

exports[`PostTour component renders the PostTour component 1`] = `
<main
  className="post-tour-body"
>
  <header
    role="banner"
  >
    <h2>
      Post a tour!
    </h2>
  </header>
  <form
    className="signup-form"
  >
    <div
      className="div_form"
    >
      <input
        id="name"
        name="name"
        onChange={[Function]}
        required={true}
        type="text"
      />
      <label
        className="label-name"
        htmlFor="name"
      >
        <span
          className="content-name"
        >
          Tour Name
        </span>
      </label>
    </div>
    <div
      className="div_form"
    >
      <input
        id="city"
        name="city"
        onChange={[Function]}
        required={true}
        type="text"
      />
      <label
        className="label-name"
        htmlFor="city"
      >
        <span
          className="content-name"
        >
          city
        </span>
      </label>
    </div>
    <div
      className="div_form"
    >
      <input
        id="state"
        maxLength="2"
        name="state"
        onChange={[Function]}
        required={true}
        type="text"
      />
      <label
        className="label-name"
        htmlFor="state"
      >
        <span
          className="content-name"
        >
          State
        </span>
      </label>
    </div>
    <div
      className="div_form"
    >
      <input
        id="img"
        name="img"
        onChange={[Function]}
        required={true}
        type="text"
      />
      <label
        className="label-name"
        htmlFor="img"
      >
        <span
          className="content-name"
        >
          Tour Image
        </span>
      </label>
    </div>
    <div
      className="div_form"
    >
      <input
        id="max_tourists"
        name="max_tourists"
        onChange={[Function]}
        required={true}
        type="number"
      />
      <label
        className="label-name"
        htmlFor="max_tourists"
      >
        <span
          className="content-name"
        >
          Max Capacity
        </span>
      </label>
    </div>
    <div
      className="div_form"
    >
      <input
        id="policies"
        name="policies"
        onChange={[Function]}
        required={true}
        type="text"
      />
      <label
        className="label-name"
        htmlFor="policies"
      >
        <span
          className="content-name"
        >
          Policies
        </span>
      </label>
    </div>
    <div
      className="div_form"
    >
      <input
        id="description"
        name="description"
        onChange={[Function]}
        required={true}
      />
      <label
        className="label-name"
        htmlFor="description"
      >
        <span
          className="content-name"
        >
          Tour Description
        </span>
      </label>
    </div>
    <button
      className="post-tour-button"
      onClick={[Function]}
      type="submit"
    >
      Post tour
    </button>
  </form>
</main>
`;
